\BOOKMARK [1][-]{section.1}{\376\377\000I\000n\000t\000r\000o\000d\000u\000c\000t\000i\000o\000n}{}% 1
\BOOKMARK [2][-]{subsection.1.1}{\376\377\000T\000h\000e\000\040\000R\000e\000s\000e\000a\000r\000c\000h\000\040\000P\000r\000o\000b\000l\000e\000m}{section.1}% 2
\BOOKMARK [2][-]{subsection.1.2}{\376\377\000R\000e\000s\000e\000a\000r\000c\000h\000\040\000Q\000u\000e\000s\000t\000i\000o\000n\000s}{section.1}% 3
\BOOKMARK [2][-]{subsection.1.3}{\376\377\000O\000b\000j\000e\000c\000t\000i\000v\000e\000s}{section.1}% 4
\BOOKMARK [1][-]{section.2}{\376\377\000M\000a\000t\000e\000r\000i\000a\000l\000s\000\040\000a\000n\000d\000\040\000m\000e\000t\000h\000o\000d\000s}{}% 5
\BOOKMARK [2][-]{subsection.2.1}{\376\377\000D\000a\000t\000a\000\040\000s\000o\000u\000r\000c\000e\000s\000\040\000a\000n\000d\000\040\000s\000c\000o\000p\000e}{section.2}% 6
\BOOKMARK [2][-]{subsection.2.2}{\376\377\000P\000a\000c\000k\000e\000d\000-\000b\000e\000d\000\040\000r\000e\000t\000e\000n\000t\000i\000o\000n\000\040\000m\000o\000d\000u\000l\000e\000\040\000a\000n\000d\000\040\000r\000e\000t\000e\000n\000t\000i\000o\000n\000\040\000o\000u\000t\000c\000o\000m\000e\000s}{section.2}% 7
\BOOKMARK [2][-]{subsection.2.3}{\376\377\000U\000n\000d\000e\000r\000d\000r\000a\000i\000n\000\040\000h\000y\000d\000r\000o\000d\000y\000n\000a\000m\000i\000c\000\040\000c\000h\000a\000r\000a\000c\000t\000e\000r\000i\000z\000a\000t\000i\000o\000n\000\040\000a\000n\000d\000\040\000h\000y\000d\000r\000a\000u\000l\000i\000c\000\040\000s\000i\000g\000n\000a\000t\000u\000r\000e\000s}{section.2}% 8
\BOOKMARK [2][-]{subsection.2.4}{\376\377\000G\000e\000o\000m\000e\000t\000r\000y\000\040\000d\000e\000s\000c\000r\000i\000p\000t\000o\000r\000s\000\040\000a\000n\000d\000\040\000u\000n\000c\000e\000r\000t\000a\000i\000n\000t\000y\000\040\000r\000e\000p\000r\000e\000s\000e\000n\000t\000a\000t\000i\000o\000n}{section.2}% 9
\BOOKMARK [2][-]{subsection.2.5}{\376\377\000B\000a\000y\000e\000s\000i\000a\000n\000\040\000m\000o\000d\000e\000l\000l\000i\000n\000g\000\040\000f\000r\000a\000m\000e\000w\000o\000r\000k}{section.2}% 10
\BOOKMARK [3][-]{subsubsection.2.5.1}{\376\377\000S\000t\000a\000g\000e\000\040\000I\000:\000\040\000B\000a\000y\000e\000s\000i\000a\000n\000\040\000c\000a\000l\000i\000b\000r\000a\000t\000i\000o\000n\000\040\000o\000f\000\040\000h\000y\000d\000r\000a\000u\000l\000i\000c\000\040\000s\000i\000g\000n\000a\000t\000u\000r\000e\000s}{subsection.2.5}% 11
\BOOKMARK [3][-]{subsubsection.2.5.2}{\376\377\000S\000t\000a\000g\000e\000\040\000I\000I\000:\000\040\000B\000a\000y\000e\000s\000i\000a\000n\000\040\000r\000e\000t\000e\000n\000t\000i\000o\000n\000\040\000m\000o\000d\000e\000l\000s\000\040\000a\000n\000d\000\040\000h\000y\000p\000o\000t\000h\000e\000s\000i\000s\000\040\000d\000i\000s\000c\000r\000i\000m\000i\000n\000a\000t\000i\000o\000n}{subsection.2.5}% 12
\BOOKMARK [2][-]{subsection.2.6}{\376\377\000B\000a\000y\000e\000s\000i\000a\000n\000\040\000m\000o\000d\000e\000l\000\040\000c\000o\000m\000p\000a\000r\000i\000s\000o\000n\000\040\000a\000n\000d\000\040\000f\000a\000l\000s\000i\000f\000i\000c\000a\000t\000i\000o\000n\000\040\000l\000o\000g\000i\000c}{section.2}% 13
\BOOKMARK [2][-]{subsection.2.7}{\376\377\000D\000e\000r\000i\000v\000e\000d\000\040\000d\000e\000s\000i\000g\000n\000\040\000m\000e\000t\000r\000i\000c\000\040\000a\000s\000\040\000a\000\040\000p\000o\000s\000t\000e\000r\000i\000o\000r\000\040\000q\000u\000a\000n\000t\000i\000t\000y}{section.2}% 14
\BOOKMARK [2][-]{subsection.2.8}{\376\377\000C\000o\000m\000p\000u\000t\000a\000t\000i\000o\000n\000,\000\040\000d\000i\000a\000g\000n\000o\000s\000t\000i\000c\000s\000,\000\040\000a\000n\000d\000\040\000r\000e\000p\000r\000o\000d\000u\000c\000i\000b\000i\000l\000i\000t\000y}{section.2}% 15
\BOOKMARK [1][-]{section.3}{\376\377\000R\000e\000s\000u\000l\000t\000s}{}% 16
\BOOKMARK [2][-]{subsection.3.1}{\376\377\000T\000h\000e\000\040\000p\000o\000r\000o\000s\000i\000t\000y\000\040\000p\000a\000r\000a\000d\000o\000x\000:\000\040\000e\000m\000p\000i\000r\000i\000c\000a\000l\000\040\000e\000v\000i\000d\000e\000n\000c\000e\000\040\000a\000g\000a\000i\000n\000s\000t\000\040\000t\000h\000e\000\040\000v\000o\000l\000u\000m\000e\000t\000r\000i\000c\000\040\000a\000s\000s\000u\000m\000p\000t\000i\000o\000n}{section.3}% 17
\BOOKMARK [2][-]{subsection.3.2}{\376\377\000S\000t\000a\000g\000e\000\040\000I\000\040\000r\000e\000s\000u\000l\000t\000s\000:\000\040\000h\000y\000d\000r\000a\000u\000l\000i\000c\000\040\000s\000i\000g\000n\000a\000t\000u\000r\000e\000s\000\040\000r\000e\000v\000e\000a\000l\000\040\000m\000e\000d\000i\000u\000m\000-\000s\000p\000e\000c\000i\000f\000i\000c\000\040\000f\000l\000o\000w\000\040\000r\000e\000s\000i\000s\000t\000a\000n\000c\000e}{section.3}% 18
\BOOKMARK [2][-]{subsection.3.3}{\376\377\000S\000t\000a\000g\000e\000\040\000I\000I\000\040\000r\000e\000s\000u\000l\000t\000s\000:\000\040\000c\000o\000m\000p\000e\000t\000i\000n\000g\000\040\000r\000e\000t\000e\000n\000t\000i\000o\000n\000\040\000m\000o\000d\000e\000l\000s}{section.3}% 19
\BOOKMARK [2][-]{subsection.3.4}{\376\377\000M\000o\000d\000e\000l\000\040\000c\000o\000m\000p\000a\000r\000i\000s\000o\000n\000:\000\040\000p\000r\000e\000d\000i\000c\000t\000i\000v\000e\000\040\000e\000v\000i\000d\000e\000n\000c\000e\000\040\000f\000r\000o\000m\000\040\000c\000r\000o\000s\000s\000-\000v\000a\000l\000i\000d\000a\000t\000i\000o\000n}{section.3}% 20
\BOOKMARK [2][-]{subsection.3.5}{\376\377\000P\000o\000s\000t\000e\000r\000i\000o\000r\000\040\000r\000a\000n\000k\000i\000n\000g\000\040\000p\000r\000o\000b\000a\000b\000i\000l\000i\000t\000i\000e\000s\000\040\000f\000o\000r\000\040\000d\000e\000s\000i\000g\000n\000\040\000d\000e\000c\000i\000s\000i\000o\000n\000s}{section.3}% 21
\BOOKMARK [1][-]{section.4}{\376\377\000D\000i\000s\000c\000u\000s\000s\000i\000o\000n}{}% 22
\BOOKMARK [2][-]{subsection.4.1}{\376\377\000A\000n\000s\000w\000e\000r\000i\000n\000g\000\040\000t\000h\000e\000\040\000r\000e\000s\000e\000a\000r\000c\000h\000\040\000q\000u\000e\000s\000t\000i\000o\000n\000s}{section.4}% 23
\BOOKMARK [2][-]{subsection.4.2}{\376\377\000T\000h\000e\000\040\000f\000r\000i\000c\000t\000i\000o\000n\000-\000l\000i\000m\000i\000t\000e\000d\000\040\000r\000e\000t\000e\000n\000t\000i\000o\000n\000\040\000m\000e\000c\000h\000a\000n\000i\000s\000m}{section.4}% 24
\BOOKMARK [2][-]{subsection.4.3}{\376\377\000I\000m\000p\000l\000i\000c\000a\000t\000i\000o\000n\000s\000\040\000f\000o\000r\000\040\000u\000n\000d\000e\000r\000d\000r\000a\000i\000n\000\040\000s\000y\000s\000t\000e\000m\000\040\000d\000e\000s\000i\000g\000n}{section.4}% 25
\BOOKMARK [2][-]{subsection.4.4}{\376\377\000L\000i\000m\000i\000t\000a\000t\000i\000o\000n\000s\000\040\000a\000n\000d\000\040\000f\000u\000t\000u\000r\000e\000\040\000d\000i\000r\000e\000c\000t\000i\000o\000n\000s}{section.4}% 26
\BOOKMARK [1][-]{section.5}{\376\377\000C\000o\000n\000c\000l\000u\000s\000i\000o\000n}{}% 27
